// Jest Snapshot v1, https://goo.gl/fbAQLP

exports[`workbox-webpack-plugin should emit precache manifest and modificate service worker 1`] = `
"self.__precacheManifest = [
  {
    \\"revision\\": \\"5daa290cdfc55a04da4c1a6f37c6ba9a\\",
    \\"url\\": \\"/index.html\\"
  },
  {
    \\"url\\": \\"/bundle.e740afa204b94fafbe35.js\\"
  }
];"
`;
